Component: ARM Compiler 5.05 update 2 (build 169) Tool: armlink [4d0f33]

==============================================================================

Section Cross References

    main.o(i.assert_nrf_callback) refers to app_error.o(i.app_error_handler) for app_error_handler
    main.o(i.ble_evt_dispatch) refers to device_manager_peripheral.o(i.dm_ble_evt_handler) for dm_ble_evt_handler
    main.o(i.ble_evt_dispatch) refers to ble_boc.o(i.ble_boc_on_ble_evt) for ble_boc_on_ble_evt
    main.o(i.ble_evt_dispatch) refers to ble_conn_params.o(i.ble_conn_params_on_ble_evt) for ble_conn_params_on_ble_evt
    main.o(i.ble_evt_dispatch) refers to bsp_btn_ble.o(i.bsp_btn_ble_on_ble_evt) for bsp_btn_ble_on_ble_evt
    main.o(i.ble_evt_dispatch) refers to bsp.o(i.bsp_indication_set) for bsp_indication_set
    main.o(i.ble_evt_dispatch) refers to app_error.o(i.app_error_handler) for app_error_handler
    main.o(i.ble_evt_dispatch) refers to ign_state_machine.o(i.add_event) for add_event
    main.o(i.ble_evt_dispatch) refers to ble_advertising.o(i.ble_advertising_start) for ble_advertising_start
    main.o(i.ble_evt_dispatch) refers to ble_advertising.o(i.ble_advertising_on_ble_evt) for ble_advertising_on_ble_evt
    main.o(i.ble_evt_dispatch) refers to main.o(.bss) for .bss
    main.o(i.ble_evt_dispatch) refers to main.o(.data) for .data
    main.o(i.ble_stack_init) refers to softdevice_handler.o(i.softdevice_handler_init) for softdevice_handler_init
    main.o(i.ble_stack_init) refers to app_error.o(i.app_error_handler) for app_error_handler
    main.o(i.ble_stack_init) refers to softdevice_handler.o(i.softdevice_ble_evt_handler_set) for softdevice_ble_evt_handler_set
    main.o(i.ble_stack_init) refers to softdevice_handler.o(i.softdevice_sys_evt_handler_set) for softdevice_sys_evt_handler_set
    main.o(i.ble_stack_init) refers to main.o(.bss) for .bss
    main.o(i.ble_stack_init) refers to main.o(i.ble_evt_dispatch) for ble_evt_dispatch
    main.o(i.ble_stack_init) refers to main.o(i.sys_evt_dispatch) for sys_evt_dispatch
    main.o(i.bsp_event_handler) refers to ign_state_machine.o(i.add_event) for add_event
    main.o(i.bsp_event_handler) refers to main.o(i.sleep_mode_enter) for sleep_mode_enter
    main.o(i.bsp_event_handler) refers to app_error.o(i.app_error_handler) for app_error_handler
    main.o(i.bsp_event_handler) refers to ble_advertising.o(i.ble_advertising_restart_without_whitelist) for ble_advertising_restart_without_whitelist
    main.o(i.bsp_event_handler) refers to main.o(.data) for .data
    main.o(i.conn_params_error_handler) refers to app_error.o(i.app_error_handler) for app_error_handler
    main.o(i.device_manager_evt_handler) refers to app_error.o(i.app_error_handler) for app_error_handler
    main.o(i.device_manager_init) refers to pstorage.o(i.pstorage_init) for pstorage_init
    main.o(i.device_manager_init) refers to app_error.o(i.app_error_handler) for app_error_handler
    main.o(i.device_manager_init) refers to device_manager_peripheral.o(i.dm_init) for dm_init
    main.o(i.device_manager_init) refers to memseta.o(.text) for __aeabi_memclr
    main.o(i.device_manager_init) refers to device_manager_peripheral.o(i.dm_register) for dm_register
    main.o(i.device_manager_init) refers to main.o(i.device_manager_evt_handler) for device_manager_evt_handler
    main.o(i.device_manager_init) refers to main.o(.data) for .data
    main.o(i.main) refers to app_timer.o(i.app_timer_init) for app_timer_init
    main.o(i.main) refers to app_error.o(i.app_error_handler) for app_error_handler
    main.o(i.main) refers to main.o(i.nrf_gpio_pin_clear) for nrf_gpio_pin_clear
    main.o(i.main) refers to bsp.o(i.bsp_init) for bsp_init
    main.o(i.main) refers to main.o(i.ble_stack_init) for ble_stack_init
    main.o(i.main) refers to main.o(i.device_manager_init) for device_manager_init
    main.o(i.main) refers to memseta.o(.text) for __aeabi_memclr4
    main.o(i.main) refers to ble_advertising.o(i.ble_advertising_init) for ble_advertising_init
    main.o(i.main) refers to main.o(i.services_init) for services_init
    main.o(i.main) refers to ble_conn_params.o(i.ble_conn_params_init) for ble_conn_params_init
    main.o(i.main) refers to memcpya.o(.text) for __aeabi_memcpy4
    main.o(i.main) refers to ign_state_machine.o(i.state_machine_init) for state_machine_init
    main.o(i.main) refers to ble_advertising.o(i.ble_advertising_start) for ble_advertising_start
    main.o(i.main) refers to ign_state_machine.o(i.process_event) for process_event
    main.o(i.main) refers to ign_state_machine.o(i.events_queued) for events_queued
    main.o(i.main) refers to main.o(.bss) for .bss
    main.o(i.main) refers to main.o(i.bsp_event_handler) for bsp_event_handler
    main.o(i.main) refers to main.o(.data) for .data
    main.o(i.main) refers to main.o(i.on_adv_evt) for on_adv_evt
[...]
    i.alert_timer_handler                    0x0001891c   Section        0  bsp.o(i.alert_timer_handler)
    alert_timer_handler                      0x0001891d   Thumb Code    20  bsp.o(i.alert_timer_handler)
    i.app_error_handler                      0x00018934   Section        0  app_error.o(i.app_error_handler)
    i.app_evt_notify                         0x00018950   Section        0  device_manager_peripheral.o(i.app_evt_notify)
    app_evt_notify                           0x00018951   Thumb Code     6  device_manager_peripheral.o(i.app_evt_notify)
    i.app_notify                             0x0001895c   Section        0  pstorage.o(i.app_notify)
    app_notify                               0x0001895d   Thumb Code    34  pstorage.o(i.app_notify)
    i.app_notify_error_state_transit         0x00018988   Section        0  pstorage.o(i.app_notify_error_state_transit)
    app_notify_error_state_transit           0x00018989   Thumb Code    26  pstorage.o(i.app_notify_error_state_transit)
    i.app_timer_cnt_diff_compute             0x000189a8   Section        0  app_timer.o(i.app_timer_cnt_diff_compute)
    i.app_timer_cnt_get                      0x000189b4   Section        0  app_timer.o(i.app_timer_cnt_get)
    i.app_timer_create                       0x000189c4   Section        0  app_timer.o(i.app_timer_create)
    i.app_timer_init                         0x00018a10   Section        0  app_timer.o(i.app_timer_init)
    i.app_timer_ms                           0x00018ac4   Section        0  ign_state_machine.o(i.app_timer_ms)
    i.app_timer_start                        0x00018adc   Section        0  app_timer.o(i.app_timer_start)
    i.app_timer_stop                         0x00018b60   Section        0  app_timer.o(i.app_timer_stop)
    i.ble_advdata_set                        0x00018bb8   Section        0  ble_advdata.o(i.ble_advdata_set)
    i.ble_advertising_init                   0x00018c14   Section        0  ble_advertising.o(i.ble_advertising_init)
    i.ble_advertising_on_ble_evt             0x00018d38   Section        0  ble_advertising.o(i.ble_advertising_on_ble_evt)
    i.ble_advertising_on_sys_evt             0x00018dac   Section        0  ble_advertising.o(i.ble_advertising_on_sys_evt)
    i.ble_advertising_peer_address_clear     0x00018ddc   Section        0  ble_advertising.o(i.ble_advertising_peer_address_clear)
    ble_advertising_peer_address_clear       0x00018ddd   Thumb Code    12  ble_advertising.o(i.ble_advertising_peer_address_clear)
    i.ble_advertising_restart_without_whitelist 0x00018dec   Section        0  ble_advertising.o(i.ble_advertising_restart_without_whitelist)
    i.ble_advertising_start                  0x00018e2c   Section        0  ble_advertising.o(i.ble_advertising_start)
    i.ble_boc_init                           0x0001900c   Section        0  ble_boc.o(i.ble_boc_init)
    i.ble_boc_on_ble_evt                     0x0001907c   Section        0  ble_boc.o(i.ble_boc_on_ble_evt)
    i.ble_boc_response_update                0x000190a0   Section        0  ble_boc.o(i.ble_boc_response_update)
    i.ble_conn_params_init                   0x000190fc   Section        0  ble_conn_params.o(i.ble_conn_params_init)
    i.ble_conn_params_on_ble_evt             0x00019150   Section        0  ble_conn_params.o(i.ble_conn_params_on_ble_evt)
    i.ble_evt_dispatch                       0x000191e0   Section        0  main.o(i.ble_evt_dispatch)
    ble_evt_dispatch                         0x000191e1   Thumb Code   118  main.o(i.ble_evt_dispatch)
    i.ble_srv_report_ref_encode              0x00019260   Section        0  ble_srv_common.o(i.ble_srv_report_ref_encode)
    i.ble_stack_init                         0x0001926c   Section        0  main.o(i.ble_stack_init)
    ble_stack_init                           0x0001926d   Thumb Code    92  main.o(i.ble_stack_init)
    i.bond_data_load                         0x000192d4   Section        0  device_manager_peripheral.o(i.bond_data_load)
    i.bsp_btn_ble_on_ble_evt                 0x0001931c   Section        0  bsp_btn_ble.o(i.bsp_btn_ble_on_ble_evt)
    i.bsp_btn_ble_sleep_mode_prepare         0x00019394   Section        0  bsp_btn_ble.o(i.bsp_btn_ble_sleep_mode_prepare)
    i.bsp_event_handler                      0x000193a8   Section        0  main.o(i.bsp_event_handler)
    i.bsp_event_to_button_action_assign      0x000193f4   Section        0  bsp.o(i.bsp_event_to_button_action_assign)
    i.bsp_indication_set                     0x000193f8   Section        0  bsp.o(i.bsp_indication_set)
    i.bsp_init                               0x00019414   Section        0  bsp.o(i.bsp_init)
    i.bsp_led_indication                     0x0001945c   Section        0  bsp.o(i.bsp_led_indication)
    bsp_led_indication                       0x0001945d   Thumb Code   438  bsp.o(i.bsp_led_indication)
    i.bsp_wakeup_buttons_set                 0x00019620   Section        0  bsp.o(i.bsp_wakeup_buttons_set)
    i.channel_port_get                       0x00019624   Section        0  nrf_drv_gpiote.o(i.channel_port_get)
    channel_port_get                         0x00019625   Thumb Code    10  nrf_drv_gpiote.o(i.channel_port_get)
    i.clear_operation_execute                0x00019634   Section        0  pstorage.o(i.clear_operation_execute)
    clear_operation_execute                  0x00019635   Thumb Code   252  pstorage.o(i.clear_operation_execute)
    i.clear_post_processing_run              0x00019738   Section        0  pstorage.o(i.clear_post_processing_run)
    clear_post_processing_run                0x00019739   Thumb Code    32  pstorage.o(i.clear_post_processing_run)
    i.cmd_process                            0x0001975c   Section        0  pstorage.o(i.cmd_process)
    cmd_process                              0x0001975d   Thumb Code    46  pstorage.o(i.cmd_process)
    i.cmd_queue_element_init                 0x00019794   Section        0  pstorage.o(i.cmd_queue_element_init)
    cmd_queue_element_init                   0x00019795   Thumb Code    26  pstorage.o(i.cmd_queue_element_init)
    i.cmd_queue_enqueue                      0x000197b4   Section        0  pstorage.o(i.cmd_queue_enqueue)
    cmd_queue_enqueue                        0x000197b5   Thumb Code    68  pstorage.o(i.cmd_queue_enqueue)
    i.command_end_procedure_run              0x00019800   Section        0  pstorage.o(i.command_end_procedure_run)
    command_end_procedure_run                0x00019801   Thumb Code    56  pstorage.o(i.command_end_procedure_run)
    i.compare_reg_update                     0x0001983c   Section        0  app_timer.o(i.compare_reg_update)
    compare_reg_update                       0x0001983d   Thumb Code   140  app_timer.o(i.compare_reg_update)
    i.conn_int_encode                        0x000198e0   Section        0  ble_advdata.o(i.conn_int_encode)
    conn_int_encode                          0x000198e1   Thumb Code   126  ble_advdata.o(i.conn_int_encode)
    i.conn_params_error_handler              0x00019964   Section        0  main.o(i.conn_params_error_handler)
    conn_params_error_handler                0x00019965   Thumb Code    12  main.o(i.conn_params_error_handler)
    i.conn_params_negotiation                0x00019970   Section        0  ble_conn_params.o(i.conn_params_negotiation)
    conn_params_negotiation                  0x00019971   Thumb Code    90  ble_conn_params.o(i.conn_params_negotiation)
    i.connection_instance_find               0x000199d4   Section        0  device_manager_peripheral.o(i.connection_instance_find)
    connection_instance_find                 0x000199d5   Thumb Code    38  device_manager_peripheral.o(i.connection_instance_find)
    i.connection_instance_init               0x00019a04   Section        0  device_manager_peripheral.o(i.connection_instance_init)
    connection_instance_init                 0x00019a05   Thumb Code    30  device_manager_peripheral.o(i.connection_instance_init)
    i.connection_timeout                     0x00019a28   Section        0  ign_state_machine.o(i.connection_timeout)
    i.data_page_erase_state_run              0x00019a38   Section        0  pstorage.o(i.data_page_erase_state_run)
    data_page_erase_state_run                0x00019a39   Thumb Code    80  pstorage.o(i.data_page_erase_state_run)
    i.data_to_swap_write_state_run           0x00019a8c   Section        0  pstorage.o(i.data_to_swap_write_state_run)
    data_to_swap_write_state_run             0x00019a8d   Thumb Code    34  pstorage.o(i.data_to_swap_write_state_run)
    i.device_context_store                   0x00019ab4   Section        0  device_manager_peripheral.o(i.device_context_store)
    device_context_store                     0x00019ab5   Thumb Code   152  device_manager_peripheral.o(i.device_context_store)
    i.device_instance_allocate               0x00019b64   Section        0  device_manager_peripheral.o(i.device_instance_allocate)
    device_instance_allocate                 0x00019b65   Thumb Code    74  device_manager_peripheral.o(i.device_instance_allocate)
    i.device_instance_find                   0x00019bb8   Section        0  device_manager_peripheral.o(i.device_instance_find)
    device_instance_find                     0x00019bb9   Thumb Code    68  device_manager_peripheral.o(i.device_instance_find)
    i.device_instance_free                   0x00019c00   Section        0  device_manager_peripheral.o(i.device_instance_free)
    device_instance_free                     0x00019c01   Thumb Code    40  device_manager_peripheral.o(i.device_instance_free)
    i.device_manager_evt_handler             0x00019c2c   Section        0  main.o(i.device_manager_evt_handler)
    device_manager_evt_handler               0x00019c2d   Thumb Code    18  main.o(i.device_manager_evt_handler)
    i.device_manager_init                    0x00019c40   Section        0  main.o(i.device_manager_init)
    device_manager_init                      0x00019c41   Thumb Code   106  main.o(i.device_manager_init)
    i.dm_ble_evt_handler                     0x00019cb4   Section        0  device_manager_peripheral.o(i.dm_ble_evt_handler)
    i.dm_handle_initialize                   0x0001a08c   Section        0  device_manager_peripheral.o(i.dm_handle_initialize)
    i.dm_init                                0x0001a0a8   Section        0  device_manager_peripheral.o(i.dm_init)
    i.dm_pstorage_cb_handler                 0x0001a16c   Section        0  device_manager_peripheral.o(i.dm_pstorage_cb_handler)
    dm_pstorage_cb_handler                   0x0001a16d   Thumb Code   344  device_manager_peripheral.o(i.dm_pstorage_cb_handler)
    i.dm_register                            0x0001a2d0   Section        0  device_manager_peripheral.o(i.dm_register)
    i.elapsed_ticks_acquire                  0x0001a344   Section        0  app_timer.o(i.elapsed_ticks_acquire)
    elapsed_ticks_acquire                    0x0001a345   Thumb Code    58  app_timer.o(i.elapsed_ticks_acquire)
    i.events_queued                          0x0001a384   Section        0  ign_state_machine.o(i.events_queued)
    i.expired_timers_handler                 0x0001a394   Section        0  app_timer.o(i.expired_timers_handler)
    expired_timers_handler                   0x0001a395   Thumb Code    82  app_timer.o(i.expired_timers_handler)
    i.flash_api_err_code_process             0x0001a3ec   Section        0  pstorage.o(i.flash_api_err_code_process)
    flash_api_err_code_process               0x0001a3ed   Thumb Code    28  pstorage.o(i.flash_api_err_code_process)
    i.flash_operation_success_run            0x0001a40c   Section        0  pstorage.o(i.flash_operation_success_run)
    flash_operation_success_run              0x0001a40d   Thumb Code   114  pstorage.o(i.flash_operation_success_run)
    i.flash_page_erase                       0x0001a48c   Section        0  pstorage.o(i.flash_page_erase)
    flash_page_erase                         0x0001a48d   Thumb Code    10  pstorage.o(i.flash_page_erase)
    i.flash_write                            0x0001a496   Section        0  pstorage.o(i.flash_write)
    flash_write                              0x0001a497   Thumb Code    10  pstorage.o(i.flash_write)
    i.free                                   0x0001a4a0   Section        0  malloc.o(i.free)
    i.gattc_context_apply                    0x0001a4f4   Section        0  device_manager_peripheral.o(i.gattc_context_apply)
    gattc_context_apply                      0x0001a4f5   Thumb Code     4  device_manager_peripheral.o(i.gattc_context_apply)
    i.gattc_context_load                     0x0001a4f8   Section        0  device_manager_peripheral.o(i.gattc_context_load)
    gattc_context_load                       0x0001a4f9   Thumb Code     4  device_manager_peripheral.o(i.gattc_context_load)
    i.gattc_context_store                    0x0001a4fc   Section        0  device_manager_peripheral.o(i.gattc_context_store)
    gattc_context_store                      0x0001a4fd   Thumb Code     4  device_manager_peripheral.o(i.gattc_context_store)
    i.gatts_context_apply                    0x0001a500   Section        0  device_manager_peripheral.o(i.gatts_context_apply)
    gatts_context_apply                      0x0001a501   Thumb Code   160  device_manager_peripheral.o(i.gatts_context_apply)
    i.gatts_context_load                     0x0001a5b0   Section        0  device_manager_peripheral.o(i.gatts_context_load)
    gatts_context_load                       0x0001a5b1   Thumb Code    44  device_manager_peripheral.o(i.gatts_context_load)
    i.gatts_context_store                    0x0001a5e0   Section        0  device_manager_peripheral.o(i.gatts_context_store)
    gatts_context_store                      0x0001a5e1   Thumb Code   158  device_manager_peripheral.o(i.gatts_context_store)
    i.gattsc_context_apply                   0x0001a68c   Section        0  device_manager_peripheral.o(i.gattsc_context_apply)
    gattsc_context_apply                     0x0001a68d   Thumb Code     8  device_manager_peripheral.o(i.gattsc_context_apply)
    i.gattsc_context_load                    0x0001a694   Section        0  device_manager_peripheral.o(i.gattsc_context_load)
    gattsc_context_load                      0x0001a695   Thumb Code     8  device_manager_peripheral.o(i.gattsc_context_load)
    i.gattsc_context_store                   0x0001a69c   Section        0  device_manager_peripheral.o(i.gattsc_context_store)
    gattsc_context_store                     0x0001a69d   Thumb Code     8  device_manager_peripheral.o(i.gattsc_context_store)
    i.genrand64_int64                        0x0001a6a4   Section        0  mt19937-64.o(i.genrand64_int64)
    i.head_restore_state_run                 0x0001a820   Section        0  pstorage.o(i.head_restore_state_run)
    head_restore_state_run                   0x0001a821   Thumb Code   110  pstorage.o(i.head_restore_state_run)
    i.init_by_array64                        0x0001a898   Section        0  mt19937-64.o(i.init_by_array64)
    i.init_genrand64                         0x0001a9fc   Section        0  mt19937-64.o(i.init_genrand64)
    i.intern_softdevice_events_execute       0x0001aa50   Section        0  softdevice_handler.o(i.intern_softdevice_events_execute)
    i.is_conn_params_ok                      0x0001aad0   Section        0  ble_conn_params.o(i.is_conn_params_ok)
    is_conn_params_ok                        0x0001aad1   Thumb Code    24  ble_conn_params.o(i.is_conn_params_ok)
    i.is_manual_peripheral_setup_needed      0x0001aaec   Section        0  system_nrf51.o(i.is_manual_peripheral_setup_needed)
    is_manual_peripheral_setup_needed        0x0001aaed   Thumb Code    66  system_nrf51.o(i.is_manual_peripheral_setup_needed)
    i.is_page_erase_required                 0x0001ab34   Section        0  pstorage.o(i.is_page_erase_required)
    is_page_erase_required                   0x0001ab35   Thumb Code    60  pstorage.o(i.is_page_erase_required)
    i.is_word_aligned                        0x0001ab78   Section        0  pstorage.o(i.is_word_aligned)
    is_word_aligned                          0x0001ab79   Thumb Code    12  pstorage.o(i.is_word_aligned)
    i.leds_timer_handler                     0x0001ab84   Section        0  bsp.o(i.leds_timer_handler)
    leds_timer_handler                       0x0001ab85   Thumb Code    18  bsp.o(i.leds_timer_handler)
    i.list_deletions_handler                 0x0001ab9c   Section        0  app_timer.o(i.list_deletions_handler)
    list_deletions_handler                   0x0001ab9d   Thumb Code   144  app_timer.o(i.list_deletions_handler)
    i.list_insertions_handler                0x0001ac30   Section        0  app_timer.o(i.list_insertions_handler)
    list_insertions_handler                  0x0001ac31   Thumb Code   230  app_timer.o(i.list_insertions_handler)
    i.main                                   0x0001ad20   Section        0  main.o(i.main)
    i.main_state_err_busy_process            0x0001aec4   Section        0  pstorage.o(i.main_state_err_busy_process)
    main_state_err_busy_process              0x0001aec5   Thumb Code    20  pstorage.o(i.main_state_err_busy_process)
    i.malloc                                 0x0001aedc   Section        0  malloc.o(i.malloc)
    i.manuf_specific_data_encode             0x0001af48   Section        0  ble_advdata.o(i.manuf_specific_data_encode)
    manuf_specific_data_encode               0x0001af49   Thumb Code   100  ble_advdata.o(i.manuf_specific_data_encode)
    i.name_encode                            0x0001afac   Section        0  ble_advdata.o(i.name_encode)
    name_encode                              0x0001afad   Thumb Code   106  ble_advdata.o(i.name_encode)
    i.no_service_context_apply               0x0001b016   Section        0  device_manager_peripheral.o(i.no_service_context_apply)
    no_service_context_apply                 0x0001b017   Thumb Code     4  device_manager_peripheral.o(i.no_service_context_apply)
    i.no_service_context_load                0x0001b01a   Section        0  device_manager_peripheral.o(i.no_service_context_load)
    no_service_context_load                  0x0001b01b   Thumb Code     4  device_manager_peripheral.o(i.no_service_context_load)
    i.no_service_context_store               0x0001b01e   Section        0  device_manager_peripheral.o(i.no_service_context_store)
    no_service_context_store                 0x0001b01f   Thumb Code     4  device_manager_peripheral.o(i.no_service_context_store)
    i.nrf_gpio_cfg_sense_set                 0x0001b024   Section        0  nrf_drv_gpiote.o(i.nrf_gpio_cfg_sense_set)
    nrf_gpio_cfg_sense_set                   0x0001b025   Thumb Code    26  nrf_drv_gpiote.o(i.nrf_gpio_cfg_sense_set)
    i.nrf_gpio_pin_clear                     0x0001b044   Section        0  main.o(i.nrf_gpio_pin_clear)
    nrf_gpio_pin_clear                       0x0001b045   Thumb Code    10  main.o(i.nrf_gpio_pin_clear)
    i.nrf_gpio_pin_clear                     0x0001b054   Section        0  ign_state_machine.o(i.nrf_gpio_pin_clear)
    nrf_gpio_pin_clear                       0x0001b055   Thumb Code    10  ign_state_machine.o(i.nrf_gpio_pin_clear)
    i.nrf_gpio_pin_set                       0x0001b064   Section        0  ign_state_machine.o(i.nrf_gpio_pin_set)
    nrf_gpio_pin_set                         0x0001b065   Thumb Code    10  ign_state_machine.o(i.nrf_gpio_pin_set)
    i.nrf_gpiote_event_is_set                0x0001b074   Section        0  nrf_drv_gpiote.o(i.nrf_gpiote_event_is_set)
    nrf_gpiote_event_is_set                  0x0001b075   Thumb Code    14  nrf_drv_gpiote.o(i.nrf_gpiote_event_is_set)
    i.on_adv_evt                             0x0001b088   Section        0  main.o(i.on_adv_evt)
    on_adv_evt                               0x0001b089   Thumb Code    36  main.o(i.on_adv_evt)
    i.on_conn_params_evt                     0x0001b0ac   Section        0  main.o(i.on_conn_params_evt)
    on_conn_params_evt                       0x0001b0ad   Thumb Code    30  main.o(i.on_conn_params_evt)
    i.on_uart_event                          0x0001b0d0   Section        0  app_uart.o(i.on_uart_event)
    on_uart_event                            0x0001b0d1   Thumb Code   114  app_uart.o(i.on_uart_event)
    i.on_write                               0x0001b150   Section        0  ble_boc.o(i.on_write)
    on_write                                 0x0001b151   Thumb Code   122  ble_boc.o(i.on_write)
    i.op_get_millis                          0x0001b1cc   Section        0  ign_state_machine.o(i.op_get_millis)
    i.op_ignition                            0x0001b228   Section        0  ign_state_machine.o(i.op_ignition)
    i.op_invalid                             0x0001b23e   Section        0  ign_state_machine.o(i.op_invalid)
    i.op_lock                                0x0001b240   Section        0  ign_state_machine.o(i.op_lock)
    i.op_panic                               0x0001b256   Section        0  ign_state_machine.o(i.op_panic)
    i.op_starter                             0x0001b278   Section        0  ign_state_machine.o(i.op_starter)
    i.op_sync_timer                          0x0001b2a8   Section        0  ign_state_machine.o(i.op_sync_timer)
    i.op_sync_timer_adv                      0x0001b2cc   Section        0  ign_state_machine.o(i.op_sync_timer_adv)
    i.opcode_char_add                        0x0001b318   Section        0  ble_boc.o(i.opcode_char_add)
    opcode_char_add                          0x0001b319   Thumb Code   314  ble_boc.o(i.opcode_char_add)
    i.operand_char_add                       0x0001b45c   Section        0  ble_boc.o(i.operand_char_add)
    operand_char_add                         0x0001b45d   Thumb Code   330  ble_boc.o(i.operand_char_add)
    i.passcode_char_add                      0x0001b5b0   Section        0  ble_boc.o(i.passcode_char_add)
    passcode_char_add                        0x0001b5b1   Thumb Code   324  ble_boc.o(i.passcode_char_add)
    i.passcode_timeout                       0x0001b6fc   Section        0  ign_state_machine.o(i.passcode_timeout)
    i.peer_address_exists                    0x0001b70a   Section        0  ble_advertising.o(i.peer_address_exists)
    peer_address_exists                      0x0001b70b   Thumb Code    22  ble_advertising.o(i.peer_address_exists)
    i.peer_instance_init                     0x0001b720   Section        0  device_manager_peripheral.o(i.peer_instance_init)
    peer_instance_init                       0x0001b721   Thumb Code    50  device_manager_peripheral.o(i.peer_instance_init)
    i.process_event                          0x0001b758   Section        0  ign_state_machine.o(i.process_event)
    i.pstorage_access_status_get             0x0001babc   Section        0  pstorage.o(i.pstorage_access_status_get)
    i.pstorage_block_identifier_get          0x0001bae4   Section        0  pstorage.o(i.pstorage_block_identifier_get)
    i.pstorage_clear                         0x0001bb38   Section        0  pstorage.o(i.pstorage_clear)
    i.pstorage_flash_page_end                0x0001bbdc   Section        0  pstorage.o(i.pstorage_flash_page_end)
    pstorage_flash_page_end                  0x0001bbdd   Thumb Code    32  pstorage.o(i.pstorage_flash_page_end)
    i.pstorage_flash_page_size               0x0001bc00   Section        0  pstorage.o(i.pstorage_flash_page_size)
    pstorage_flash_page_size                 0x0001bc01   Thumb Code    10  pstorage.o(i.pstorage_flash_page_size)
    i.pstorage_init                          0x0001bc0c   Section        0  pstorage.o(i.pstorage_init)
    i.pstorage_load                          0x0001bc58   Section        0  pstorage.o(i.pstorage_load)
    i.pstorage_register                      0x0001bd00   Section        0  pstorage.o(i.pstorage_register)
    i.pstorage_store                         0x0001bdb4   Section        0  pstorage.o(i.pstorage_store)
    i.pstorage_sys_event_handler             0x0001be44   Section        0  pstorage.o(i.pstorage_sys_event_handler)
    i.pstorage_update                        0x0001be90   Section        0  pstorage.o(i.pstorage_update)
    i.response_char_add                      0x0001bf20   Section        0  ble_boc.o(i.response_char_add)
    response_char_add                        0x0001bf21   Thumb Code   340  ble_boc.o(i.response_char_add)
    i.rtc1_stop                              0x0001c07c   Section        0  app_timer.o(i.rtc1_stop)
    rtc1_stop                                0x0001c07d   Thumb Code    50  app_timer.o(i.rtc1_stop)
    i.service_data_encode                    0x0001c0c0   Section        0  ble_advdata.o(i.service_data_encode)
    service_data_encode                      0x0001c0c1   Thumb Code   124  ble_advdata.o(i.service_data_encode)
    i.services_init                          0x0001c13c   Section        0  main.o(i.services_init)
    services_init                            0x0001c13d   Thumb Code   230  main.o(i.services_init)
    i.sleep_mode_enter                       0x0001c228   Section        0  main.o(i.sleep_mode_enter)
    sleep_mode_enter                         0x0001c229   Thumb Code    52  main.o(i.sleep_mode_enter)
    i.sm_state_change                        0x0001c25c   Section        0  pstorage.o(i.sm_state_change)
    sm_state_change                          0x0001c25d   Thumb Code    62  pstorage.o(i.sm_state_change)
    i.softdevice_assertion_handler           0x0001c2a4   Section        0  softdevice_handler.o(i.softdevice_assertion_handler)
    i.softdevice_ble_evt_handler_set         0x0001c2b0   Section        0  softdevice_handler.o(i.softdevice_ble_evt_handler_set)
    i.softdevice_handler_init                0x0001c2c4   Section        0  softdevice_handler.o(i.softdevice_handler_init)
    i.softdevice_sys_evt_handler_set         0x0001c2f4   Section        0  softdevice_handler.o(i.softdevice_sys_evt_handler_set)
    i.starter_timeout                        0x0001c308   Section        0  ign_state_machine.o(i.starter_timeout)
    i.state_data_erase_swap_entry_run        0x0001c314   Section        0  pstorage.o(i.state_data_erase_swap_entry_run)
    state_data_erase_swap_entry_run          0x0001c315   Thumb Code    92  pstorage.o(i.state_data_erase_swap_entry_run)
    i.state_erase_data_page_entry_run        0x0001c378   Section        0  pstorage.o(i.state_erase_data_page_entry_run)
    state_erase_data_page_entry_run          0x0001c379   Thumb Code    12  pstorage.o(i.state_erase_data_page_entry_run)
    i.state_machine_init                     0x0001c388   Section        0  ign_state_machine.o(i.state_machine_init)
    i.state_restore_head_entry_run           0x0001c3f8   Section        0  pstorage.o(i.state_restore_head_entry_run)
    state_restore_head_entry_run             0x0001c3f9   Thumb Code    36  pstorage.o(i.state_restore_head_entry_run)
    i.state_restore_tail_entry_run           0x0001c420   Section        0  pstorage.o(i.state_restore_tail_entry_run)
    state_restore_tail_entry_run             0x0001c421   Thumb Code    66  pstorage.o(i.state_restore_tail_entry_run)
    i.state_swap_erase_entry_run             0x0001c46c   Section        0  pstorage.o(i.state_swap_erase_entry_run)
    state_swap_erase_entry_run               0x0001c46d   Thumb Code    32  pstorage.o(i.state_swap_erase_entry_run)
    i.state_write_data_swap_entry_run        0x0001c48c   Section        0  pstorage.o(i.state_write_data_swap_entry_run)
    state_write_data_swap_entry_run          0x0001c48d   Thumb Code    42  pstorage.o(i.state_write_data_swap_entry_run)
    i.storage_operation_dummy_handler        0x0001c4bc   Section        0  device_manager_peripheral.o(i.storage_operation_dummy_handler)
    storage_operation_dummy_handler          0x0001c4bd   Thumb Code     4  device_manager_peripheral.o(i.storage_operation_dummy_handler)
    i.store_cmd_flash_write_execute          0x0001c4c0   Section        0  pstorage.o(i.store_cmd_flash_write_execute)
    store_cmd_flash_write_execute            0x0001c4c1   Thumb Code    82  pstorage.o(i.store_cmd_flash_write_execute)
    i.swap_erase_state_run                   0x0001c51c   Section        0  pstorage.o(i.swap_erase_state_run)
    swap_erase_state_run                     0x0001c51d   Thumb Code    24  pstorage.o(i.swap_erase_state_run)
    i.swap_sub_state_err_busy_process        0x0001c538   Section        0  pstorage.o(i.swap_sub_state_err_busy_process)
    swap_sub_state_err_busy_process          0x0001c539   Thumb Code    20  pstorage.o(i.swap_sub_state_err_busy_process)
    i.swap_sub_state_state_change            0x0001c550   Section        0  pstorage.o(i.swap_sub_state_state_change)
    swap_sub_state_state_change              0x0001c551   Thumb Code    12  pstorage.o(i.swap_sub_state_state_change)
    i.sys_evt_dispatch                       0x0001c564   Section        0  main.o(i.sys_evt_dispatch)
    sys_evt_dispatch                         0x0001c565   Thumb Code    16  main.o(i.sys_evt_dispatch)
    i.tail_restore_state_run                 0x0001c574   Section        0  pstorage.o(i.tail_restore_state_run)
    tail_restore_state_run                   0x0001c575   Thumb Code    22  pstorage.o(i.tail_restore_state_run)
    i.timer_list_handler_sched               0x0001c590   Section        0  app_timer.o(i.timer_list_handler_sched)
    timer_list_handler_sched                 0x0001c591   Thumb Code    10  app_timer.o(i.timer_list_handler_sched)
    i.timer_list_insert                      0x0001c5a0   Section        0  app_timer.o(i.timer_list_insert)
    timer_list_insert                        0x0001c5a1   Thumb Code    94  app_timer.o(i.timer_list_insert)
    i.timer_list_remove                      0x0001c604   Section        0  app_timer.o(i.timer_list_remove)
    timer_list_remove                        0x0001c605   Thumb Code   104  app_timer.o(i.timer_list_remove)
    i.timer_timeouts_check                   0x0001c674   Section        0  app_timer.o(i.timer_timeouts_check)
    timer_timeouts_check                     0x0001c675   Thumb Code   120  app_timer.o(i.timer_timeouts_check)
    i.uint16_encode                          0x0001c6f4   Section        0  ble_advdata.o(i.uint16_encode)
    uint16_encode                            0x0001c6f5   Thumb Code    10  ble_advdata.o(i.uint16_encode)
    i.update_status_bit_reset                0x0001c700   Section        0  device_manager_peripheral.o(i.update_status_bit_reset)
    update_status_bit_reset                  0x0001c701   Thumb Code    14  device_manager_peripheral.o(i.update_status_bit_reset)
    i.update_timeout_handler                 0x0001c714   Section        0  ble_conn_params.o(i.update_timeout_handler)
    update_timeout_handler                   0x0001c715   Thumb Code    86  ble_conn_params.o(i.update_timeout_handler)
    i.user_id_get                            0x0001c778   Section        0  app_timer.o(i.user_id_get)
    user_id_get                              0x0001c779   Thumb Code    74  app_timer.o(i.user_id_get)
    i.user_op_alloc                          0x0001c7cc   Section        0  app_timer.o(i.user_op_alloc)
    user_op_alloc                            0x0001c7cd   Thumb Code    36  app_timer.o(i.user_op_alloc)
    i.uuid_list_encode                       0x0001c7f0   Section        0  ble_advdata.o(i.uuid_list_encode)
    uuid_list_encode                         0x0001c7f1   Thumb Code    38  ble_advdata.o(i.uuid_list_encode)
    i.uuid_list_sized_encode                 0x0001c816   Section        0  ble_advdata.o(i.uuid_list_sized_encode)
    uuid_list_sized_encode                   0x0001c817   Thumb Code   162  ble_advdata.o(i.uuid_list_sized_encode)
    i.whitelist_has_entries                  0x0001c8b8   Section        0  ble_advertising.o(i.whitelist_has_entries)
    whitelist_has_entries                    0x0001c8b9   Thumb Code    16  ble_advertising.o(i.whitelist_has_entries)
    .constdata                               0x0001c8c8   Section       16  ble_boc.o(.constdata)
    .constdata                               0x0001c8d8   Section       48  device_manager_peripheral.o(.constdata)
    .constdata                               0x0001c908   Section       40  pstorage.o(.constdata)
    swap_sub_state_sm_lut                    0x0001c908   Data          20  pstorage.o(.constdata)
    swap_sub_state_sm_lut                    0x0001c91c   Data          20  pstorage.o(.constdata)
    .data                                    0x20002000   Section        8  main.o(.data)
    m_app_handle                             0x20002000   Data           1  main.o(.data)
    m_conn_handle                            0x20002002   Data           2  main.o(.data)
    m_adv_uuids                              0x20002004   Data           4  main.o(.data)
    .data                                    0x20002008   Section       60  ign_state_machine.o(.data)
    selected_operation                       0x2000200a   Data           1  ign_state_machine.o(.data)
    number_of_seed_values                    0x2000200b   Data           1  ign_state_machine.o(.data)
    incorrect_attempts                       0x2000200c   Data           1  ign_state_machine.o(.data)
    m_connection_timeout_timer_id            0x20002014   Data           4  ign_state_machine.o(.data)
    m_passcode_rotate_timer_id               0x20002018   Data           4  ign_state_machine.o(.data)
    m_starter_timer_id                       0x2000201c   Data           4  ign_state_machine.o(.data)
    .data                                    0x20002048   Section       24  mt19937-64.o(.data)
    mti                                      0x20002048   Data           4  mt19937-64.o(.data)
    mag01                                    0x20002050   Data          16  mt19937-64.o(.data)
    .data                                    0x20002060   Section       20  bsp.o(.data)
    m_stable_state                           0x20002060   Data           1  bsp.o(.data)
    m_app_ticks_per_100ms                    0x20002064   Data           4  bsp.o(.data)
    m_indication_type                        0x20002068   Data           4  bsp.o(.data)
    m_leds_timer_id                          0x2000206c   Data           4  bsp.o(.data)
    m_alert_timer_id                         0x20002070   Data           4  bsp.o(.data)
    .data                                    0x20002074   Section        8  bsp_btn_ble.o(.data)
    m_error_handler                          0x20002074   Data           4  bsp_btn_ble.o(.data)
    m_num_connections                        0x20002078   Data           4  bsp_btn_ble.o(.data)
    .data                                    0x2000207c   Section        4  system_nrf51.o(.data)
    __tagsym$$used                           0x2000207c   Number         0  system_nrf51.o(.data)
    .data                                    0x20002080   Section       24  device_manager_peripheral.o(.data)
    m_module_initialized                     0x20002080   Data           1  device_manager_peripheral.o(.data)
    m_peer_addr_update                       0x20002084   Data           4  device_manager_peripheral.o(.data)
    m_irk_index_table                        0x20002088   Data           7  device_manager_peripheral.o(.data)
    m_storage_handle                         0x20002090   Data           8  device_manager_peripheral.o(.data)
    .data                                    0x20002098   Section       31  ble_advertising.o(.data)
    m_advertising_start_pending              0x20002098   Data           1  ble_advertising.o(.data)
    m_whitelist_temporarily_disabled         0x20002099   Data           1  ble_advertising.o(.data)
    m_whitelist_reply_expected               0x2000209a   Data           1  ble_advertising.o(.data)
    m_peer_addr_reply_expected               0x2000209b   Data           1  ble_advertising.o(.data)
    m_adv_evt                                0x2000209c   Data           1  ble_advertising.o(.data)
    m_adv_mode_current                       0x2000209d   Data           1  ble_advertising.o(.data)
    m_tx_power_level                         0x2000209e   Data           1  ble_advertising.o(.data)
    current_slave_link_conn_handle           0x200020a0   Data           2  ble_advertising.o(.data)
    m_evt_handler                            0x200020a4   Data           4  ble_advertising.o(.data)
    m_error_handler                          0x200020a8   Data           4  ble_advertising.o(.data)
    m_slave_conn_int                         0x200020ac   Data           4  ble_advertising.o(.data)
    m_peer_address                           0x200020b0   Data           7  ble_advertising.o(.data)
    .data                                    0x200020b8   Section       24  ble_conn_params.o(.data)
    m_change_param                           0x200020b8   Data           1  ble_conn_params.o(.data)
    m_update_count                           0x200020b9   Data           1  ble_conn_params.o(.data)
    m_conn_handle                            0x200020ba   Data           2  ble_conn_params.o(.data)
    m_conn_params_timer_id                   0x200020bc   Data           4  ble_conn_params.o(.data)
    m_preferred_conn_params                  0x200020c0   Data           8  ble_conn_params.o(.data)
    m_current_conn_params                    0x200020c8   Data           8  ble_conn_params.o(.data)
    .data                                    0x200020d0   Section       12  app_uart.o(.data)
    m_instance_counter                       0x200020d0   Data           1  app_uart.o(.data)
    m_current_state                          0x200020d1   Data           1  app_uart.o(.data)
    m_tx_byte                                0x200020d2   Data           1  app_uart.o(.data)
    m_rx_byte                                0x200020d4   Data           2  app_uart.o(.data)
    m_event_handler                          0x200020d8   Data           4  app_uart.o(.data)
    .data                                    0x200020dc   Section       36  pstorage.o(.data)
    m_state                                  0x200020dc   Data           1  pstorage.o(.data)
    m_swap_sub_state                         0x200020dd   Data           1  pstorage.o(.data)
    m_next_app_instance                      0x200020de   Data           2  pstorage.o(.data)
    m_flags                                  0x200020e0   Data           4  pstorage.o(.data)
    m_next_page_addr                         0x200020e4   Data           4  pstorage.o(.data)
    m_head_word_size                         0x200020e8   Data           4  pstorage.o(.data)
    m_tail_word_size                         0x200020ec   Data           4  pstorage.o(.data)
    m_current_page_id                        0x200020f0   Data           4  pstorage.o(.data)
    m_num_of_command_retries                 0x200020f4   Data           4  pstorage.o(.data)
    m_num_of_bytes_written                   0x200020f8   Data           4  pstorage.o(.data)
    m_app_data_size                          0x200020fc   Data           4  pstorage.o(.data)
    .data                                    0x20002100   Section       36  app_timer.o(.data)
    m_node_array_size                        0x20002100   Data           1  app_timer.o(.data)
    m_user_array_size                        0x20002101   Data           1  app_timer.o(.data)
    m_ticks_elapsed_q_read_ind               0x20002102   Data           1  app_timer.o(.data)
    m_ticks_elapsed_q_write_ind              0x20002103   Data           1  app_timer.o(.data)
    m_rtc1_running                           0x20002104   Data           1  app_timer.o(.data)
    m_rtc1_reset                             0x20002105   Data           1  app_timer.o(.data)
    mp_nodes                                 0x20002108   Data           4  app_timer.o(.data)
    mp_users                                 0x2000210c   Data           4  app_timer.o(.data)
    m_timer_id_head                          0x20002110   Data           4  app_timer.o(.data)
    m_ticks_latest                           0x20002114   Data           4  app_timer.o(.data)
    m_evt_schedule_func                      0x20002118   Data           4  app_timer.o(.data)
    m_ticks_elapsed                          0x2000211c   Data           8  app_timer.o(.data)
    .data                                    0x20002124   Section       20  softdevice_handler.o(.data)
    m_softdevice_enabled                     0x20002124   Data           1  softdevice_handler.o(.data)
    m_ble_evt_buffer_size                    0x20002126   Data           2  softdevice_handler.o(.data)
    m_evt_schedule_func                      0x20002128   Data           4  softdevice_handler.o(.data)
    mp_ble_evt_buffer                        0x2000212c   Data           4  softdevice_handler.o(.data)
    m_ble_evt_handler                        0x20002130   Data           4  softdevice_handler.o(.data)
    m_sys_evt_handler                        0x20002134   Data           4  softdevice_handler.o(.data)
    .data                                    0x20002138   Section        4  mvars.o(.data)
    .data                                    0x2000213c   Section        4  mvars.o(.data)
    .bss                                     0x20002140   Section      892  main.o(.bss)
    APP_TIMER_BUF                            0x20002140   Data         776  main.o(.bss)
    BLE_EVT_BUFFER                           0x20002448   Data          72  main.o(.bss)
    m_boc                                    0x20002490   Data          44  main.o(.bss)
    .bss                                     0x200024c0   Section      100  ign_state_machine.o(.bss)
    seed                                     0x200024d8   Data          32  ign_state_machine.o(.bss)
    .bss                                     0x20002528   Section     1600  mt19937-64.o(.bss)
    mt                                       0x20002528   Data        1600  mt19937-64.o(.bss)
    .bss                                     0x20002b68   Section      295  device_manager_peripheral.o(.bss)
    m_peer_table                             0x20002b68   Data         196  device_manager_peripheral.o(.bss)
    m_bond_table                             0x20002c2c   Data          28  device_manager_peripheral.o(.bss)
    m_gatts_table                            0x20002c48   Data          24  device_manager_peripheral.o(.bss)
    m_connection_table                       0x20002c60   Data          12  device_manager_peripheral.o(.bss)
    m_application_table                      0x20002c6c   Data          12  device_manager_peripheral.o(.bss)
    m_local_id_info                          0x20002c78   Data          23  device_manager_peripheral.o(.bss)
    .bss                                     0x20002c90   Section      251  ble_advertising.o(.bss)
    m_advdata                                0x20002c90   Data          48  ble_advertising.o(.bss)
    m_adv_modes_config                       0x20002cc0   Data          36  ble_advertising.o(.bss)
    m_whitelist                              0x20002ce4   Data          16  ble_advertising.o(.bss)
    mp_whitelist_addr                        0x20002cf4   Data          32  ble_advertising.o(.bss)
    mp_whitelist_irk                         0x20002d14   Data          32  ble_advertising.o(.bss)
    m_manuf_specific_data                    0x20002d34   Data          12  ble_advertising.o(.bss)
    m_manuf_data_array                       0x20002d40   Data          31  ble_advertising.o(.bss)
    m_service_data                           0x20002d60   Data          12  ble_advertising.o(.bss)
    m_service_data_array                     0x20002d6c   Data          31  ble_advertising.o(.bss)
    .bss                                     0x20002d8c   Section       28  ble_conn_params.o(.bss)
    m_conn_params_config                     0x20002d8c   Data          28  ble_conn_params.o(.bss)
    .bss                                     0x20002da8   Section       56  nrf_drv_gpiote.o(.bss)
    m_cb                                     0x20002da8   Data          56  nrf_drv_gpiote.o(.bss)
    .bss                                     0x20002de0   Section      216  pstorage.o(.bss)
    m_cmd_queue                              0x20002de0   Data         204  pstorage.o(.bss)
    m_app_table                              0x20002eac   Data          12  pstorage.o(.bss)
    HEAP                                     0x20002eb8   Section     2048  arm_startup_nrf51.o(HEAP)
    STACK                                    0x200036b8   Section     2048  arm_startup_nrf51.o(STACK)

    Global Symbols

    Symbol Name                              Value     Ov Type        Size  Object(Section)

    BuildAttributes$$THM_ISAv3M$S$PE$A:L22$X:L11$S22$IEEE1$IW$USESV6$~STKCKD$USESV7$~SHL$OTIME$ROPI$EBA8$MICROLIB$REQ8$PRES8$EABIv2 0x00000000   Number         0  anon$$obj.o ABSOLUTE
    __ARM_use_no_argv                        0x00000000   Number         0  main.o ABSOLUTE
    __use_no_errno                           0x00000000   Number         0  useno.o ABSOLUTE
    __use_no_exception_handling              0x00000000   Number         0  useno.o ABSOLUTE
    __use_no_fp                              0x00000000   Number         0  useno.o ABSOLUTE
    __use_no_heap                            0x00000000   Number         0  useno.o ABSOLUTE
    __use_no_heap_region                     0x00000000   Number         0  useno.o ABSOLUTE
    __use_no_semihosting                     0x00000000   Number         0  useno.o ABSOLUTE
    __use_no_semihosting_swi                 0x00000000   Number         0  useno.o ABSOLUTE
    __use_no_signal_handling                 0x00000000   Number         0  useno.o ABSOLUTE
    __cpp_initialize__aeabi_                  - Undefined Weak Reference
    __cxa_finalize                            - Undefined Weak Reference
    _clock_init                               - Undefined Weak Reference
    _microlib_exit                            - Undefined Weak Reference
    __Vectors_Size                           0x000000c0   Number         0  arm_startup_nrf51.o ABSOLUTE
    __Vectors                                0x00018000   Data           4  arm_startup_nrf51.o(RESET)
    __Vectors_End                            0x000180c0   Data           0  arm_startup_nrf51.o(RESET)
    __main                                   0x000180c1   Thumb Code     0  entry.o(.ARM.Collect$$$$00000000)
    _main_stk                                0x000180c1   Thumb Code     0  entry2.o(.ARM.Collect$$$$00000001)
    _main_scatterload                        0x000180c5   Thumb Code     0  entry5.o(.ARM.Collect$$$$00000004)
    __main_after_scatterload                 0x000180c9   Thumb Code     0  entry5.o(.ARM.Collect$$$$00000004)
    _main_clock                              0x000180c9   Thumb Code     0  entry7b.o(.ARM.Collect$$$$00000008)
    _main_cpp_init                           0x000180c9   Thumb Code     0  entry8b.o(.ARM.Collect$$$$0000000A)
    _main_init                               0x000180c9   Thumb Code     0  entry9a.o(.ARM.Collect$$$$0000000B)
    __rt_final_cpp                           0x000180d1   Thumb Code     0  entry10a.o(.ARM.Collect$$$$0000000D)
    __rt_final_exit                          0x000180d1   Thumb Code     0  entry11a.o(.ARM.Collect$$$$0000000F)
    __asm___11_app_timer_c_cd27f9c3__nrf_delay_us 0x000180d5   Thumb Code    30  app_timer.o(.emb_text)
    Reset_Handler                            0x000180f5   Thumb Code    26  arm_startup_nrf51.o(.text)
    NMI_Handler                              0x0001810f   Thumb Code     2  arm_startup_nrf51.o(.text)
    HardFault_Handler                        0x00018111   Thumb Code     2  arm_startup_nrf51.o(.text)
    SVC_Handler                              0x00018113   Thumb Code     2  arm_startup_nrf51.o(.text)
    PendSV_Handler                           0x00018115   Thumb Code     2  arm_startup_nrf51.o(.text)
    SysTick_Handler                          0x00018117   Thumb Code     2  arm_startup_nrf51.o(.text)
    ADC_IRQHandler                           0x00018119   Thumb Code     0  arm_startup_nrf51.o(.text)
    CCM_AAR_IRQHandler                       0x00018119   Thumb Code     0  arm_startup_nrf51.o(.text)
    ECB_IRQHandler                           0x00018119   Thumb Code     0  arm_startup_nrf51.o(.text)
    LPCOMP_IRQHandler                        0x00018119   Thumb Code     0  arm_startup_nrf51.o(.text)
    POWER_CLOCK_IRQHandler                   0x00018119   Thumb Code     0  arm_startup_nrf51.o(.text)
    QDEC_IRQHandler                          0x00018119   Thumb Code     0  arm_startup_nrf51.o(.text)
    RADIO_IRQHandler                         0x00018119   Thumb Code     0  arm_startup_nrf51.o(.text)
    RNG_IRQHandler                           0x00018119   Thumb Code     0  arm_startup_nrf51.o(.text)
    RTC0_IRQHandler                          0x00018119   Thumb Code     0  arm_startup_nrf51.o(.text)
    SPI0_TWI0_IRQHandler                     0x00018119   Thumb Code     0  arm_startup_nrf51.o(.text)
    SPI1_TWI1_IRQHandler                     0x00018119   Thumb Code     0  arm_startup_nrf51.o(.text)
    SWI1_IRQHandler                          0x00018119   Thumb Code     0  arm_startup_nrf51.o(.text)
    SWI3_IRQHandler                          0x00018119   Thumb Code     0  arm_startup_nrf51.o(.text)
    SWI4_IRQHandler                          0x00018119   Thumb Code     0  arm_startup_nrf51.o(.text)
    SWI5_IRQHandler                          0x00018119   Thumb Code     0  arm_startup_nrf51.o(.text)
    TEMP_IRQHandler                          0x00018119   Thumb Code     0  arm_startup_nrf51.o(.text)
    TIMER0_IRQHandler                        0x00018119   Thumb Code     0  arm_startup_nrf51.o(.text)
    TIMER1_IRQHandler                        0x00018119   Thumb Code     0  arm_startup_nrf51.o(.text)
    TIMER2_IRQHandler                        0x00018119   Thumb Code     0  arm_startup_nrf51.o(.text)
    WDT_IRQHandler                           0x00018119   Thumb Code     0  arm_startup_nrf51.o(.text)
    __aeabi_uidiv                            0x0001812d   Thumb Code     0  uidiv.o(.text)
    __aeabi_uidivmod                         0x0001812d   Thumb Code    44  uidiv.o(.text)
    __aeabi_idiv                             0x00018159   Thumb Code     0  idiv.o(.text)
    __aeabi_idivmod                          0x00018159   Thumb Code    40  idiv.o(.text)
    __aeabi_lmul                             0x00018181   Thumb Code   122  llmul.o(.text)
    _ll_mul                                  0x00018181   Thumb Code     0  llmul.o(.text)
    __aeabi_llsl                             0x000181fb   Thumb Code    32  llshl.o(.text)
    _ll_shift_l                              0x000181fb   Thumb Code     0  llshl.o(.text)
    __aeabi_memcpy                           0x0001821b   Thumb Code    36  memcpya.o(.text)
    __aeabi_memcpy4                          0x0001821b   Thumb Code     0  memcpya.o(.text)
    __aeabi_memcpy8                          0x0001821b   Thumb Code     0  memcpya.o(.text)
    __aeabi_memset                           0x0001823f   Thumb Code    14  memseta.o(.text)
    __aeabi_memset4                          0x0001823f   Thumb Code     0  memseta.o(.text)
    __aeabi_memset8                          0x0001823f   Thumb Code     0  memseta.o(.text)
    __aeabi_memclr                           0x0001824d   Thumb Code     4  memseta.o(.text)
    __aeabi_memclr4                          0x0001824d   Thumb Code     0  memseta.o(.text)
    __aeabi_memclr8                          0x0001824d   Thumb Code     0  memseta.o(.text)
    _memset$wrapper                          0x00018251   Thumb Code    18  memseta.o(.text)
    memcmp                                   0x00018263   Thumb Code    26  memcmp.o(.text)
    __aeabi_fmul                             0x0001827d   Thumb Code   122  fmul.o(.text)
    __aeabi_ui2f                             0x000182f7   Thumb Code    14  ffltui.o(.text)
    __aeabi_f2uiz                            0x00018305   Thumb Code    40  ffixui.o(.text)
    __I$use$fp                               0x0001832d   Thumb Code     0  iusefp.o(.text)
    _float_round                             0x0001832d   Thumb Code    16  fepilogue.o(.text)
    _float_epilogue                          0x0001833d   Thumb Code   114  fepilogue.o(.text)
    __scatterload                            0x000183b1   Thumb Code    28  init.o(.text)
    __scatterload_rt2                        0x000183b1   Thumb Code     0  init.o(.text)
    __decompress                             0x000183d5   Thumb Code     0  __dczerorl2.o(.text)
    __decompress1                            0x000183d5   Thumb Code    86  __dczerorl2.o(.text)
    GPIOTE_IRQHandler                        0x0001842d   Thumb Code   224  nrf_drv_gpiote.o(i.GPIOTE_IRQHandler)
    RTC1_IRQHandler                          0x0001856d   Thumb Code    28  app_timer.o(i.RTC1_IRQHandler)
    SWI0_IRQHandler                          0x0001858d   Thumb Code    78  app_timer.o(i.SWI0_IRQHandler)
    SWI2_IRQHandler                          0x000185e1   Thumb Code    32  softdevice_handler.o(i.SWI2_IRQHandler)
    SystemInit                               0x00018605   Thumb Code    64  system_nrf51.o(i.SystemInit)
    UART0_IRQHandler                         0x00018659   Thumb Code   104  app_uart.o(i.UART0_IRQHandler)
    __ARM_common_switch8                     0x000186d1   Thumb Code    26  ign_state_machine.o(i.__ARM_common_switch8)
    __scatterload_copy                       0x000186eb   Thumb Code    14  handlers.o(i.__scatterload_copy)
    __scatterload_null                       0x000186f9   Thumb Code     2  handlers.o(i.__scatterload_null)
    __scatterload_zeroinit                   0x000186fb   Thumb Code    14  handlers.o(i.__scatterload_zeroinit)
    action_tx_stop                           0x00018709   Thumb Code    26  app_uart.o(i.action_tx_stop)
    add_event                                0x0001874d   Thumb Code    68  ign_state_machine.o(i.add_event)
    app_error_handler                        0x00018935   Thumb Code    18  app_error.o(i.app_error_handler)
    app_timer_cnt_diff_compute               0x000189a9   Thumb Code    12  app_timer.o(i.app_timer_cnt_diff_compute)
    app_timer_cnt_get                        0x000189b5   Thumb Code    10  app_timer.o(i.app_timer_cnt_get)
    app_timer_create                         0x000189c5   Thumb Code    72  app_timer.o(i.app_timer_create)
    app_timer_init                           0x00018a11   Thumb Code   164  app_timer.o(i.app_timer_init)
    app_timer_ms                             0x00018ac5   Thumb Code    20  ign_state_machine.o(i.app_timer_ms)
    app_timer_start                          0x00018add   Thumb Code   122  app_timer.o(i.app_timer_start)
    app_timer_stop                           0x00018b61   Thumb Code    82  app_timer.o(i.app_timer_stop)
    ble_advdata_set                          0x00018bb9   Thumb Code    90  ble_advdata.o(i.ble_advdata_set)
    ble_advertising_init                     0x00018c15   Thumb Code   284  ble_advertising.o(i.ble_advertising_init)
    ble_advertising_on_ble_evt               0x00018d39   Thumb Code   112  ble_advertising.o(i.ble_advertising_on_ble_evt)
    ble_advertising_on_sys_evt               0x00018dad   Thumb Code    42  ble_advertising.o(i.ble_advertising_on_sys_evt)
    ble_advertising_restart_without_whitelist 0x00018ded   Thumb Code    56  ble_advertising.o(i.ble_advertising_restart_without_whitelist)
    ble_advertising_start                    0x00018e2d   Thumb Code   470  ble_advertising.o(i.ble_advertising_start)
    ble_boc_init                             0x0001900d   Thumb Code   104  ble_boc.o(i.ble_boc_init)
    ble_boc_on_ble_evt                       0x0001907d   Thumb Code    34  ble_boc.o(i.ble_boc_on_ble_evt)
    ble_boc_response_update                  0x000190a1   Thumb Code    88  ble_boc.o(i.ble_boc_response_update)
    ble_conn_params_init                     0x000190fd   Thumb Code    72  ble_conn_params.o(i.ble_conn_params_init)
    ble_conn_params_on_ble_evt               0x00019151   Thumb Code   134  ble_conn_params.o(i.ble_conn_params_on_ble_evt)
    ble_srv_report_ref_encode                0x00019261   Thumb Code    12  ble_srv_common.o(i.ble_srv_report_ref_encode)
    bond_data_load                           0x000192d5   Thumb Code    58  device_manager_peripheral.o(i.bond_data_load)
    bsp_btn_ble_on_ble_evt                   0x0001931d   Thumb Code   114  bsp_btn_ble.o(i.bsp_btn_ble_on_ble_evt)
    bsp_btn_ble_sleep_mode_prepare           0x00019395   Thumb Code    20  bsp_btn_ble.o(i.bsp_btn_ble_sleep_mode_prepare)
    bsp_event_handler                        0x000193a9   Thumb Code    70  main.o(i.bsp_event_handler)
    bsp_event_to_button_action_assign        0x000193f5   Thumb Code     4  bsp.o(i.bsp_event_to_button_action_assign)
    bsp_indication_set                       0x000193f9   Thumb Code    22  bsp.o(i.bsp_indication_set)
    bsp_init                                 0x00019415   Thumb Code    56  bsp.o(i.bsp_init)
    bsp_wakeup_buttons_set                   0x00019621   Thumb Code     4  bsp.o(i.bsp_wakeup_buttons_set)
    connection_timeout                       0x00019a29   Thumb Code    14  ign_state_machine.o(i.connection_timeout)
    dm_ble_evt_handler                       0x00019cb5   Thumb Code   962  device_manager_peripheral.o(i.dm_ble_evt_handler)
    dm_handle_initialize                     0x0001a08d   Thumb Code    22  device_manager_peripheral.o(i.dm_handle_initialize)
    dm_init                                  0x0001a0a9   Thumb Code   174  device_manager_peripheral.o(i.dm_init)
    dm_register                              0x0001a2d1   Thumb Code   104  device_manager_peripheral.o(i.dm_register)
    events_queued                            0x0001a385   Thumb Code    12  ign_state_machine.o(i.events_queued)
    free                                     0x0001a4a1   Thumb Code    80  malloc.o(i.free)
    genrand64_int64                          0x0001a6a5   Thumb Code   350  mt19937-64.o(i.genrand64_int64)
    init_by_array64                          0x0001a899   Thumb Code   332  mt19937-64.o(i.init_by_array64)
    init_genrand64                           0x0001a9fd   Thumb Code    66  mt19937-64.o(i.init_genrand64)
    intern_softdevice_events_execute         0x0001aa51   Thumb Code   124  softdevice_handler.o(i.intern_softdevice_events_execute)
    main                                     0x0001ad21   Thumb Code   372  main.o(i.main)
    malloc                                   0x0001aedd   Thumb Code    92  malloc.o(i.malloc)
    op_get_millis                            0x0001b1cd   Thumb Code    84  ign_state_machine.o(i.op_get_millis)
    op_ignition                              0x0001b229   Thumb Code    22  ign_state_machine.o(i.op_ignition)
    op_invalid                               0x0001b23f   Thumb Code     2  ign_state_machine.o(i.op_invalid)
    op_lock                                  0x0001b241   Thumb Code    22  ign_state_machine.o(i.op_lock)
    op_panic                                 0x0001b257   Thumb Code    34  ign_state_machine.o(i.op_panic)
    op_starter                               0x0001b279   Thumb Code    40  ign_state_machine.o(i.op_starter)
    op_sync_timer                            0x0001b2a9   Thumb Code    32  ign_state_machine.o(i.op_sync_timer)
    op_sync_timer_adv                        0x0001b2cd   Thumb Code    68  ign_state_machine.o(i.op_sync_timer_adv)
    passcode_timeout                         0x0001b6fd   Thumb Code    14  ign_state_machine.o(i.passcode_timeout)
    process_event                            0x0001b759   Thumb Code   858  ign_state_machine.o(i.process_event)
    pstorage_access_status_get               0x0001babd   Thumb Code    30  pstorage.o(i.pstorage_access_status_get)
    pstorage_block_identifier_get            0x0001bae5   Thumb Code    74  pstorage.o(i.pstorage_block_identifier_get)
    pstorage_clear                           0x0001bb39   Thumb Code   156  pstorage.o(i.pstorage_clear)
    pstorage_init                            0x0001bc0d   Thumb Code    68  pstorage.o(i.pstorage_init)
    pstorage_load                            0x0001bc59   Thumb Code   158  pstorage.o(i.pstorage_load)
    pstorage_register                        0x0001bd01   Thumb Code   170  pstorage.o(i.pstorage_register)
    pstorage_store                           0x0001bdb5   Thumb Code   134  pstorage.o(i.pstorage_store)
    pstorage_sys_event_handler               0x0001be45   Thumb Code    72  pstorage.o(i.pstorage_sys_event_handler)
    pstorage_update                          0x0001be91   Thumb Code   134  pstorage.o(i.pstorage_update)
    softdevice_assertion_handler             0x0001c2a5   Thumb Code    12  softdevice_handler.o(i.softdevice_assertion_handler)
    softdevice_ble_evt_handler_set           0x0001c2b1   Thumb Code    16  softdevice_handler.o(i.softdevice_ble_evt_handler_set)
    softdevice_handler_init                  0x0001c2c5   Thumb Code    40  softdevice_handler.o(i.softdevice_handler_init)
    softdevice_sys_evt_handler_set           0x0001c2f5   Thumb Code    16  softdevice_handler.o(i.softdevice_sys_evt_handler_set)
    starter_timeout                          0x0001c309   Thumb Code    10  ign_state_machine.o(i.starter_timeout)
    state_machine_init                       0x0001c389   Thumb Code    92  ign_state_machine.o(i.state_machine_init)
    m_service_context_store                  0x0001c8d8   Data          16  device_manager_peripheral.o(.constdata)
    m_service_context_load                   0x0001c8e8   Data          16  device_manager_peripheral.o(.constdata)
    m_service_context_apply                  0x0001c8f8   Data          16  device_manager_peripheral.o(.constdata)
    Region$$Table$$Base                      0x0001c930   Number         0  anon$$obj.o(Region$$Table)
    Region$$Table$$Limit                     0x0001c950   Number         0  anon$$obj.o(Region$$Table)
    queued_events                            0x20002008   Data           1  ign_state_machine.o(.data)
    current_state                            0x20002009   Data           1  ign_state_machine.o(.data)
    head                                     0x20002010   Data           4  ign_state_machine.o(.data)
    passcode_rotate_timer_start_ticks        0x20002020   Data           4  ign_state_machine.o(.data)
    operations                               0x20002024   Data          32  ign_state_machine.o(.data)
    SystemCoreClock                          0x2000207c   Data           4  system_nrf51.o(.data)
    __microlib_freelist                      0x20002138   Data           4  mvars.o(.data)
    __microlib_freelist_initialised          0x2000213c   Data           4  mvars.o(.data)
    passcodes                                0x200024c0   Data          24  ign_state_machine.o(.bss)
    m_boc                                    0x200024f8   Data          44  ign_state_machine.o(.bss)
    __heap_base                              0x20002eb8   Data           0  arm_startup_nrf51.o(HEAP)
    __heap_limit                             0x200036b8   Data           0  arm_startup_nrf51.o(HEAP)
    __initial_sp                             0x20003eb8   Data           0  arm_startup_nrf51.o(STACK)



==============================================================================

Memory Map of the image

  Image Entry point : 0x000180c1

  Load Region LR_IROM1 (Base: 0x00018000, Size: 0x00004a90, Max: 0x00008000, ABSOLUTE, COMPRESSED[0x00004994])

    Execution Region ER_IROM1 (Base: 0x00018000, Size: 0x00004950, Max: 0x00008000, ABSOLUTE)

    Base Addr    Size         Type   Attr      Idx    E Section Name        Object

    0x00018000   0x000000c0   Data   RO          931    RESET               arm_startup_nrf51.o
    0x000180c0   0x00000000   Code   RO         2425  * .ARM.Collect$$$$00000000  mc_p.l(entry.o)
    0x000180c0   0x00000004   Code   RO         2492    .ARM.Collect$$$$00000001  mc_p.l(entry2.o)
    0x000180c4   0x00000004   Code   RO         2495    .ARM.Collect$$$$00000004  mc_p.l(entry5.o)
    0x000180c8   0x00000000   Code   RO         2497    .ARM.Collect$$$$00000008  mc_p.l(entry7b.o)
    0x000180c8   0x00000000   Code   RO         2499    .ARM.Collect$$$$0000000A  mc_p.l(entry8b.o)
    0x000180c8   0x00000008   Code   RO         2500    .ARM.Collect$$$$0000000B  mc_p.l(entry9a.o)
    0x000180d0   0x00000000   Code   RO         2502    .ARM.Collect$$$$0000000D  mc_p.l(entry10a.o)
    0x000180d0   0x00000000   Code   RO         2504    .ARM.Collect$$$$0000000F  mc_p.l(entry11a.o)
    0x000180d0   0x00000004   Code   RO         2493    .ARM.Collect$$$$00002712  mc_p.l(entry2.o)
    0x000180d4   0x0000001e   Code   RO         2168    .emb_text           app_timer.o
    0x000180f2   0x00000002   PAD
    0x000180f4   0x00000038   Code   RO          932    .text               arm_startup_nrf51.o
    0x0001812c   0x0000002c   Code   RO         2430    .text               mc_p.l(uidiv.o)
    0x00018158   0x00000028   Code   RO         2432    .text               mc_p.l(idiv.o)
    0x00018180   0x0000007a   Code   RO         2434    .text               mc_p.l(llmul.o)
    0x000181fa   0x00000020   Code   RO         2436    .text               mc_p.l(llshl.o)
    0x0001821a   0x00000024   Code   RO         2438    .text               mc_p.l(memcpya.o)
    0x0001823e   0x00000024   Code   RO         2440    .text               mc_p.l(memseta.o)
    0x00018262   0x0000001a   Code   RO         2446    .text               mc_p.l(memcmp.o)
    0x0001827c   0x0000007a   Code   RO         2478    .text               mf_p.l(fmul.o)
    0x000182f6   0x0000000e   Code   RO         2486    .text               mf_p.l(ffltui.o)
    0x00018304   0x00000028   Code   RO         2490    .text               mf_p.l(ffixui.o)
    0x0001832c   0x00000000   Code   RO         2510    .text               mc_p.l(iusefp.o)
    0x0001832c   0x00000082   Code   RO         2511    .text               mf_p.l(fepilogue.o)
    0x000183ae   0x00000002   PAD
    0x000183b0   0x00000024   Code   RO         2517    .text               mc_p.l(init.o)
    0x000183d4   0x00000056   Code   RO         2529    .text               mc_p.l(__dczerorl2.o)
    0x0001842a   0x00000002   PAD
    0x0001842c   0x000000fc   Code   RO         1527    i.GPIOTE_IRQHandler  nrf_drv_gpiote.o
    0x00018528   0x00000044   Code   RO         2169    i.NVIC_SetPriority  app_timer.o
    0x0001856c   0x00000020   Code   RO         2170    i.RTC1_IRQHandler   app_timer.o
    0x0001858c   0x00000054   Code   RO         2171    i.SWI0_IRQHandler   app_timer.o
    0x000185e0   0x00000024   Code   RO         2369    i.SWI2_IRQHandler   softdevice_handler.o
    0x00018604   0x00000054   Code   RO          939    i.SystemInit        system_nrf51.o
    0x00018658   0x00000078   Code   RO         1743    i.UART0_IRQHandler  app_uart.o
    0x000186d0   0x0000001a   Code   RO          506    i.__ARM_common_switch8  ign_state_machine.o
    0x000186ea   0x0000000e   Code   RO         2523    i.__scatterload_copy  mc_p.l(handlers.o)
    0x000186f8   0x00000002   Code   RO         2524    i.__scatterload_null  mc_p.l(handlers.o)
    0x000186fa   0x0000000e   Code   RO         2525    i.__scatterload_zeroinit  mc_p.l(handlers.o)
    0x00018708   0x00000024   Code   RO         1744    i.action_tx_stop    app_uart.o
    0x0001872c   0x00000020   Code   RO         1745    i.action_uart_deactivate  app_uart.o
    0x0001874c   0x00000048   Code   RO          382    i.add_event         ign_state_machine.o
    0x00018794   0x0000014a   Code   RO         1307    i.adv_data_encode   ble_advdata.o
    0x000188de   0x0000003c   Code   RO          892    i.advertising_buttons_configure  bsp_btn_ble.o
    0x0001891a   0x00000002   PAD
    0x0001891c   0x00000018   Code   RO          797    i.alert_timer_handler  bsp.o
    0x00018934   0x0000001c   Code   RO         2145    i.app_error_handler  app_error.o
    0x00018950   0x0000000c   Code   RO         1036    i.app_evt_notify    device_manager_peripheral.o
    0x0001895c   0x0000002c   Code   RO         1835    i.app_notify        pstorage.o
    0x00018988   0x00000020   Code   RO         1836    i.app_notify_error_state_transit  pstorage.o
    0x000189a8   0x0000000c   Code   RO         2172    i.app_timer_cnt_diff_compute  app_timer.o
    0x000189b4   0x00000010   Code   RO         2173    i.app_timer_cnt_get  app_timer.o
    0x000189c4   0x0000004c   Code   RO         2174    i.app_timer_create  app_timer.o
    0x00018a10   0x000000b4   Code   RO         2175    i.app_timer_init    app_timer.o
    0x00018ac4   0x00000018   Code   RO          383    i.app_timer_ms      ign_state_machine.o
    0x00018adc   0x00000084   Code   RO         2176    i.app_timer_start   app_timer.o
    0x00018b60   0x00000058   Code   RO         2177    i.app_timer_stop    app_timer.o
    0x00018bb8   0x0000005a   Code   RO         1308    i.ble_advdata_set   ble_advdata.o
    0x00018c12   0x00000002   PAD
    0x00018c14   0x00000124   Code   RO         1367    i.ble_advertising_init  ble_advertising.o
    0x00018d38   0x00000074   Code   RO         1368    i.ble_advertising_on_ble_evt  ble_advertising.o
    0x00018dac   0x00000030   Code   RO         1369    i.ble_advertising_on_sys_evt  ble_advertising.o
    0x00018ddc   0x00000010   Code   RO         1371    i.ble_advertising_peer_address_clear  ble_advertising.o
    0x00018dec   0x00000040   Code   RO         1372    i.ble_advertising_restart_without_whitelist  ble_advertising.o
    0x00018e2c   0x000001e0   Code   RO         1373    i.ble_advertising_start  ble_advertising.o
    0x0001900c   0x00000070   Code   RO          281    i.ble_boc_init      ble_boc.o
    0x0001907c   0x00000022   Code   RO          282    i.ble_boc_on_ble_evt  ble_boc.o
    0x0001909e   0x00000002   PAD
    0x000190a0   0x0000005c   Code   RO          286    i.ble_boc_response_update  ble_boc.o
    0x000190fc   0x00000054   Code   RO         1446    i.ble_conn_params_init  ble_conn_params.o
    0x00019150   0x00000090   Code   RO         1447    i.ble_conn_params_on_ble_evt  ble_conn_params.o
    0x000191e0   0x00000080   Code   RO            4    i.ble_evt_dispatch  main.o
    0x00019260   0x0000000c   Code   RO         1006    i.ble_srv_report_ref_encode  ble_srv_common.o
    0x0001926c   0x00000068   Code   RO            5    i.ble_stack_init    main.o
    0x000192d4   0x00000048   Code   RO         1037    i.bond_data_load    device_manager_peripheral.o
    0x0001931c   0x00000078   Code   RO          894    i.bsp_btn_ble_on_ble_evt  bsp_btn_ble.o
    0x00019394   0x00000014   Code   RO          895    i.bsp_btn_ble_sleep_mode_prepare  bsp_btn_ble.o
    0x000193a8   0x0000004c   Code   RO            6    i.bsp_event_handler  main.o
    0x000193f4   0x00000004   Code   RO          802    i.bsp_event_to_button_action_assign  bsp.o
    0x000193f8   0x0000001c   Code   RO          803    i.bsp_indication_set  bsp.o
    0x00019414   0x00000048   Code   RO          805    i.bsp_init          bsp.o
    0x0001945c   0x000001c4   Code   RO          806    i.bsp_led_indication  bsp.o
    0x00019620   0x00000004   Code   RO          807    i.bsp_wakeup_buttons_set  bsp.o
    0x00019624   0x00000010   Code   RO         1530    i.channel_port_get  nrf_drv_gpiote.o
    0x00019634   0x00000104   Code   RO         1837    i.clear_operation_execute  pstorage.o
    0x00019738   0x00000024   Code   RO         1838    i.clear_post_processing_run  pstorage.o
    0x0001975c   0x00000038   Code   RO         1839    i.cmd_process       pstorage.o
    0x00019794   0x00000020   Code   RO         1840    i.cmd_queue_element_init  pstorage.o
    0x000197b4   0x0000004c   Code   RO         1841    i.cmd_queue_enqueue  pstorage.o
    0x00019800   0x0000003c   Code   RO         1842    i.command_end_procedure_run  pstorage.o
    0x0001983c   0x000000a4   Code   RO         2179    i.compare_reg_update  app_timer.o
    0x000198e0   0x00000084   Code   RO         1309    i.conn_int_encode   ble_advdata.o
    0x00019964   0x0000000c   Code   RO            7    i.conn_params_error_handler  main.o
    0x00019970   0x00000064   Code   RO         1449    i.conn_params_negotiation  ble_conn_params.o
    0x000199d4   0x00000030   Code   RO         1038    i.connection_instance_find  device_manager_peripheral.o
    0x00019a04   0x00000024   Code   RO         1039    i.connection_instance_init  device_manager_peripheral.o
    0x00019a28   0x0000000e   Code   RO          384    i.connection_timeout  ign_state_machine.o
    0x00019a36   0x00000002   PAD
    0x00019a38   0x00000054   Code   RO         1843    i.data_page_erase_state_run  pstorage.o
    0x00019a8c   0x00000028   Code   RO         1844    i.data_to_swap_write_state_run  pstorage.o
    0x00019ab4   0x000000b0   Code   RO         1040    i.device_context_store  device_manager_peripheral.o
    0x00019b64   0x00000054   Code   RO         1041    i.device_instance_allocate  device_manager_peripheral.o
    0x00019bb8   0x00000048   Code   RO         1042    i.device_instance_find  device_manager_peripheral.o
    0x00019c00   0x0000002c   Code   RO         1043    i.device_instance_free  device_manager_peripheral.o
    0x00019c2c   0x00000012   Code   RO            8    i.device_manager_evt_handler  main.o
    0x00019c3e   0x00000002   PAD
    0x00019c40   0x00000074   Code   RO            9    i.device_manager_init  main.o
    0x00019cb4   0x000003d8   Code   RO         1048    i.dm_ble_evt_handler  device_manager_peripheral.o
    0x0001a08c   0x0000001c   Code   RO         1054    i.dm_handle_initialize  device_manager_peripheral.o
    0x0001a0a8   0x000000c4   Code   RO         1055    i.dm_init           device_manager_peripheral.o
    0x0001a16c   0x00000164   Code   RO         1058    i.dm_pstorage_cb_handler  device_manager_peripheral.o
    0x0001a2d0   0x00000074   Code   RO         1059    i.dm_register       device_manager_peripheral.o
    0x0001a344   0x00000040   Code   RO         2180    i.elapsed_ticks_acquire  app_timer.o
    0x0001a384   0x00000010   Code   RO          385    i.events_queued     ign_state_machine.o
    0x0001a394   0x00000058   Code   RO         2181    i.expired_timers_handler  app_timer.o
    0x0001a3ec   0x00000020   Code   RO         1845    i.flash_api_err_code_process  pstorage.o
    0x0001a40c   0x00000080   Code   RO         1846    i.flash_operation_success_run  pstorage.o
    0x0001a48c   0x0000000a   Code   RO         1847    i.flash_page_erase  pstorage.o
    0x0001a496   0x0000000a   Code   RO         1848    i.flash_write       pstorage.o
    0x0001a4a0   0x00000054   Code   RO         2450    i.free              mc_p.l(malloc.o)
    0x0001a4f4   0x00000004   Code   RO         1066    i.gattc_context_apply  device_manager_peripheral.o
    0x0001a4f8   0x00000004   Code   RO         1067    i.gattc_context_load  device_manager_peripheral.o
    0x0001a4fc   0x00000004   Code   RO         1068    i.gattc_context_store  device_manager_peripheral.o
    0x0001a500   0x000000b0   Code   RO         1069    i.gatts_context_apply  device_manager_peripheral.o
    0x0001a5b0   0x00000030   Code   RO         1070    i.gatts_context_load  device_manager_peripheral.o
    0x0001a5e0   0x000000ac   Code   RO         1071    i.gatts_context_store  device_manager_peripheral.o
    0x0001a68c   0x00000008   Code   RO         1072    i.gattsc_context_apply  device_manager_peripheral.o
    0x0001a694   0x00000008   Code   RO         1073    i.gattsc_context_load  device_manager_peripheral.o
    0x0001a69c   0x00000008   Code   RO         1074    i.gattsc_context_store  device_manager_peripheral.o
    0x0001a6a4   0x0000017c   Code   RO          528    i.genrand64_int64   mt19937-64.o
    0x0001a820   0x00000078   Code   RO         1849    i.head_restore_state_run  pstorage.o
    0x0001a898   0x00000164   Code   RO          532    i.init_by_array64   mt19937-64.o
    0x0001a9fc   0x00000054   Code   RO          533    i.init_genrand64    mt19937-64.o
    0x0001aa50   0x00000080   Code   RO         2370    i.intern_softdevice_events_execute  softdevice_handler.o
    0x0001aad0   0x0000001c   Code   RO         1450    i.is_conn_params_ok  ble_conn_params.o
    0x0001aaec   0x00000048   Code   RO          940    i.is_manual_peripheral_setup_needed  system_nrf51.o
    0x0001ab34   0x00000044   Code   RO         1850    i.is_page_erase_required  pstorage.o
    0x0001ab78   0x0000000c   Code   RO         1851    i.is_word_aligned   pstorage.o
    0x0001ab84   0x00000018   Code   RO          808    i.leds_timer_handler  bsp.o
    0x0001ab9c   0x00000094   Code   RO         2182    i.list_deletions_handler  app_timer.o
    0x0001ac30   0x000000f0   Code   RO         2183    i.list_insertions_handler  app_timer.o
    0x0001ad20   0x000001a4   Code   RO           10    i.main              main.o
    0x0001aec4   0x00000018   Code   RO         1852    i.main_state_err_busy_process  pstorage.o
    0x0001aedc   0x0000006c   Code   RO         2451    i.malloc            mc_p.l(malloc.o)
    0x0001af48   0x00000064   Code   RO         1310    i.manuf_specific_data_encode  ble_advdata.o
    0x0001afac   0x0000006a   Code   RO         1311    i.name_encode       ble_advdata.o
    0x0001b016   0x00000004   Code   RO         1075    i.no_service_context_apply  device_manager_peripheral.o
    0x0001b01a   0x00000004   Code   RO         1076    i.no_service_context_load  device_manager_peripheral.o
    0x0001b01e   0x00000004   Code   RO         1077    i.no_service_context_store  device_manager_peripheral.o
    0x0001b022   0x00000002   PAD
    0x0001b024   0x00000020   Code   RO         1550    i.nrf_gpio_cfg_sense_set  nrf_drv_gpiote.o
    0x0001b044   0x00000010   Code   RO           11    i.nrf_gpio_pin_clear  main.o
    0x0001b054   0x00000010   Code   RO          386    i.nrf_gpio_pin_clear  ign_state_machine.o
    0x0001b064   0x00000010   Code   RO          387    i.nrf_gpio_pin_set  ign_state_machine.o
    0x0001b074   0x00000014   Code   RO         1551    i.nrf_gpiote_event_is_set  nrf_drv_gpiote.o
    0x0001b088   0x00000024   Code   RO           12    i.on_adv_evt        main.o
    0x0001b0ac   0x00000024   Code   RO           13    i.on_conn_params_evt  main.o
    0x0001b0d0   0x00000080   Code   RO         1753    i.on_uart_event     app_uart.o
    0x0001b150   0x0000007a   Code   RO          287    i.on_write          ble_boc.o
    0x0001b1ca   0x00000002   PAD
    0x0001b1cc   0x0000005c   Code   RO          388    i.op_get_millis     ign_state_machine.o
    0x0001b228   0x00000016   Code   RO          389    i.op_ignition       ign_state_machine.o
    0x0001b23e   0x00000002   Code   RO          390    i.op_invalid        ign_state_machine.o
    0x0001b240   0x00000016   Code   RO          391    i.op_lock           ign_state_machine.o
    0x0001b256   0x00000022   Code   RO          392    i.op_panic          ign_state_machine.o
    0x0001b278   0x00000030   Code   RO          393    i.op_starter        ign_state_machine.o
    0x0001b2a8   0x00000024   Code   RO          394    i.op_sync_timer     ign_state_machine.o
    0x0001b2cc   0x0000004c   Code   RO          395    i.op_sync_timer_adv  ign_state_machine.o
    0x0001b318   0x00000144   Code   RO          288    i.opcode_char_add   ble_boc.o
    0x0001b45c   0x00000154   Code   RO          289    i.operand_char_add  ble_boc.o
    0x0001b5b0   0x0000014c   Code   RO          290    i.passcode_char_add  ble_boc.o
    0x0001b6fc   0x0000000e   Code   RO          396    i.passcode_timeout  ign_state_machine.o
    0x0001b70a   0x00000016   Code   RO         1375    i.peer_address_exists  ble_advertising.o
    0x0001b720   0x00000038   Code   RO         1078    i.peer_instance_init  device_manager_peripheral.o
    0x0001b758   0x00000364   Code   RO          397    i.process_event     ign_state_machine.o
    0x0001babc   0x00000028   Code   RO         1853    i.pstorage_access_status_get  pstorage.o
    0x0001bae4   0x00000054   Code   RO         1854    i.pstorage_block_identifier_get  pstorage.o
    0x0001bb38   0x000000a4   Code   RO         1855    i.pstorage_clear    pstorage.o
    0x0001bbdc   0x00000024   Code   RO         1856    i.pstorage_flash_page_end  pstorage.o
    0x0001bc00   0x0000000a   Code   RO         1857    i.pstorage_flash_page_size  pstorage.o
    0x0001bc0a   0x00000002   PAD
    0x0001bc0c   0x0000004c   Code   RO         1858    i.pstorage_init     pstorage.o
    0x0001bc58   0x000000a8   Code   RO         1859    i.pstorage_load     pstorage.o
    0x0001bd00   0x000000b4   Code   RO         1860    i.pstorage_register  pstorage.o
    0x0001bdb4   0x00000090   Code   RO         1861    i.pstorage_store    pstorage.o
    0x0001be44   0x0000004c   Code   RO         1862    i.pstorage_sys_event_handler  pstorage.o
    0x0001be90   0x00000090   Code   RO         1863    i.pstorage_update   pstorage.o
    0x0001bf20   0x0000015c   Code   RO          291    i.response_char_add  ble_boc.o
    0x0001c07c   0x00000044   Code   RO         2184    i.rtc1_stop         app_timer.o
    0x0001c0c0   0x0000007c   Code   RO         1312    i.service_data_encode  ble_advdata.o
    0x0001c13c   0x000000ec   Code   RO           14    i.services_init     main.o
    0x0001c228   0x00000034   Code   RO           15    i.sleep_mode_enter  main.o
    0x0001c25c   0x00000048   Code   RO         1864    i.sm_state_change   pstorage.o
    0x0001c2a4   0x0000000c   Code   RO         2371    i.softdevice_assertion_handler  softdevice_handler.o
    0x0001c2b0   0x00000014   Code   RO         2372    i.softdevice_ble_evt_handler_set  softdevice_handler.o
    0x0001c2c4   0x00000030   Code   RO         2373    i.softdevice_handler_init  softdevice_handler.o
    0x0001c2f4   0x00000014   Code   RO         2375    i.softdevice_sys_evt_handler_set  softdevice_handler.o
    0x0001c308   0x0000000a   Code   RO          398    i.starter_timeout   ign_state_machine.o
    0x0001c312   0x00000002   PAD
    0x0001c314   0x00000064   Code   RO         1865    i.state_data_erase_swap_entry_run  pstorage.o
    0x0001c378   0x00000010   Code   RO         1866    i.state_erase_data_page_entry_run  pstorage.o
    0x0001c388   0x00000070   Code   RO          399    i.state_machine_init  ign_state_machine.o
    0x0001c3f8   0x00000028   Code   RO         1867    i.state_restore_head_entry_run  pstorage.o
    0x0001c420   0x0000004c   Code   RO         1868    i.state_restore_tail_entry_run  pstorage.o
    0x0001c46c   0x00000020   Code   RO         1869    i.state_swap_erase_entry_run  pstorage.o
    0x0001c48c   0x00000030   Code   RO         1870    i.state_write_data_swap_entry_run  pstorage.o
    0x0001c4bc   0x00000004   Code   RO         1079    i.storage_operation_dummy_handler  device_manager_peripheral.o
    0x0001c4c0   0x0000005c   Code   RO         1871    i.store_cmd_flash_write_execute  pstorage.o
    0x0001c51c   0x0000001c   Code   RO         1872    i.swap_erase_state_run  pstorage.o
    0x0001c538   0x00000018   Code   RO         1873    i.swap_sub_state_err_busy_process  pstorage.o
    0x0001c550   0x00000014   Code   RO         1874    i.swap_sub_state_state_change  pstorage.o
    0x0001c564   0x00000010   Code   RO           16    i.sys_evt_dispatch  main.o
    0x0001c574   0x0000001c   Code   RO         1875    i.tail_restore_state_run  pstorage.o
    0x0001c590   0x00000010   Code   RO         2185    i.timer_list_handler_sched  app_timer.o
    0x0001c5a0   0x00000064   Code   RO         2186    i.timer_list_insert  app_timer.o
    0x0001c604   0x00000070   Code   RO         2187    i.timer_list_remove  app_timer.o
    0x0001c674   0x00000080   Code   RO         2188    i.timer_timeouts_check  app_timer.o
    0x0001c6f4   0x0000000a   Code   RO         1313    i.uint16_encode     ble_advdata.o
    0x0001c6fe   0x00000002   PAD
    0x0001c700   0x00000014   Code   RO         1080    i.update_status_bit_reset  device_manager_peripheral.o
    0x0001c714   0x00000064   Code   RO         1451    i.update_timeout_handler  ble_conn_params.o
    0x0001c778   0x00000054   Code   RO         2189    i.user_id_get       app_timer.o
    0x0001c7cc   0x00000024   Code   RO         2190    i.user_op_alloc     app_timer.o
    0x0001c7f0   0x00000026   Code   RO         1314    i.uuid_list_encode  ble_advdata.o
    0x0001c816   0x000000a2   Code   RO         1315    i.uuid_list_sized_encode  ble_advdata.o
    0x0001c8b8   0x00000010   Code   RO         1376    i.whitelist_has_entries  ble_advertising.o
    0x0001c8c8   0x00000010   Data   RO          292    .constdata          ble_boc.o
    0x0001c8d8   0x00000030   Data   RO         1082    .constdata          device_manager_peripheral.o
    0x0001c908   0x00000028   Data   RO         1877    .constdata          pstorage.o
    0x0001c930   0x00000020   Data   RO         2521    Region$$Table       anon$$obj.o


    Execution Region RW_IRAM1 (Base: 0x20002000, Size: 0x00001eb8, Max: 0x00002000, ABSOLUTE, COMPRESSED[0x00000044])

    Base Addr    Size         Type   Attr      Idx    E Section Name        Object

    0x20002000   0x00000008   Data   RW           18    .data               main.o
    0x20002008   0x0000003c   Data   RW          407    .data               ign_state_machine.o
    0x20002044   0x00000004   PAD
    0x20002048   0x00000018   Data   RW          535    .data               mt19937-64.o
    0x20002060   0x00000014   Data   RW          809    .data               bsp.o
    0x20002074   0x00000008   Data   RW          896    .data               bsp_btn_ble.o
    0x2000207c   0x00000004   Data   RW          941    .data               system_nrf51.o
    0x20002080   0x00000018   Data   RW         1084    .data               device_manager_peripheral.o
    0x20002098   0x0000001f   Data   RW         1378    .data               ble_advertising.o
    0x200020b7   0x00000001   PAD
    0x200020b8   0x00000018   Data   RW         1453    .data               ble_conn_params.o
    0x200020d0   0x0000000c   Data   RW         1755    .data               app_uart.o
    0x200020dc   0x00000024   Data   RW         1878    .data               pstorage.o
    0x20002100   0x00000024   Data   RW         2191    .data               app_timer.o
    0x20002124   0x00000014   Data   RW         2376    .data               softdevice_handler.o
    0x20002138   0x00000004   Data   RW         2508    .data               mc_p.l(mvars.o)
    0x2000213c   0x00000004   Data   RW         2509    .data               mc_p.l(mvars.o)
    0x20002140   0x0000037c   Zero   RW           17    .bss                main.o
    0x200024bc   0x00000004   PAD
    0x200024c0   0x00000064   Zero   RW          400    .bss                ign_state_machine.o
    0x20002524   0x00000004   PAD
    0x20002528   0x00000640   Zero   RW          534    .bss                mt19937-64.o
    0x20002b68   0x00000127   Zero   RW         1081    .bss                device_manager_peripheral.o
    0x20002c8f   0x00000001   PAD
    0x20002c90   0x000000fb   Zero   RW         1377    .bss                ble_advertising.o
    0x20002d8b   0x00000001   PAD
    0x20002d8c   0x0000001c   Zero   RW         1452    .bss                ble_conn_params.o
    0x20002da8   0x00000038   Zero   RW         1554    .bss                nrf_drv_gpiote.o
    0x20002de0   0x000000d8   Zero   RW         1876    .bss                pstorage.o
    0x20002eb8   0x00000800   Zero   RW          930    HEAP                arm_startup_nrf51.o
    0x200036b8   0x00000800   Zero   RW          929    STACK               arm_startup_nrf51.o


==============================================================================

Image component sizes


      Code (inc. data)   RO Data    RW Data    ZI Data      Debug   Object Name

         0          0          0          0          0       1664   app_button.o
        28         10          0          0          0       7364   app_error.o
      1966        166          0         36          0      29348   app_timer.o
       316         60          0         12          0       6208   app_uart.o
        56         18        192          0       4096        664   arm_startup_nrf51.o
      1092          6          0          0          0      12390   ble_advdata.o
      1054         40          0         31        251      11181   ble_advertising.o
      1704         48         16          0          0      16998   ble_boc.o
       456         50          0         24         28       6296   ble_conn_params.o
        12          0          0          0          0       1440   ble_srv_common.o
       608         72          0         20          0       6505   bsp.o
       200          6          0          8          0       3766   bsp_btn_ble.o
      2748        198         48         24        295      29537   device_manager_peripheral.o
      1520         94          0         60        100      18499   ign_state_machine.o
      1266        104          0          8        892      96091   main.o
       820         72          0         24       1600       2757   mt19937-64.o
         0          0          0          0          0        716   nrf_drv_common.o
       320         46          0          0         56      12288   nrf_drv_gpiote.o
      2822        264         40         36        216      33330   pstorage.o
       264         24          0         20          0       5844   softdevice_handler.o
       156         26          0          4          0       1983   system_nrf51.o

    ----------------------------------------------------------------------
     17430       1304        328        312       7544     304869   Object Totals
         0          0         32          0          0          0   (incl. Generated)
        22          0          0          5         10          0   (incl. Padding)

    ----------------------------------------------------------------------

      Code (inc. data)   RO Data    RW Data    ZI Data      Debug   Library Member Name

        86          0          0          0          0          0   __dczerorl2.o
         0          0          0          0          0          0   entry.o
         0          0          0          0          0          0   entry10a.o
         0          0          0          0          0          0   entry11a.o
         8          4          0          0          0          0   entry2.o
         4          0          0          0          0          0   entry5.o
         0          0          0          0          0          0   entry7b.o
         0          0          0          0          0          0   entry8b.o
         8          4          0          0          0          0   entry9a.o
        30          0          0          0          0          0   handlers.o
        40          0          0          0          0         72   idiv.o
        36          8          0          0          0         68   init.o
         0          0          0          0          0          0   iusefp.o
       122          0          0          0          0         84   llmul.o
        32          0          0          0          0         68   llshl.o
       192         20          0          0          0        144   malloc.o
        26          0          0          0          0         72   memcmp.o
        36          0          0          0          0         60   memcpya.o
        36          0          0          0          0        100   memseta.o
         0          0          0          8          0          0   mvars.o
        44          0          0          0          0         72   uidiv.o
       130          0          0          0          0        144   fepilogue.o
        40          0          0          0          0         60   ffixui.o
        14          0          0          0          0         68   ffltui.o
       122          0          0          0          0         72   fmul.o

    ----------------------------------------------------------------------
      1010         36          0          8          0       1084   Library Totals
         4          0          0          0          0          0   (incl. Padding)

    ----------------------------------------------------------------------

      Code (inc. data)   RO Data    RW Data    ZI Data      Debug   Library Name

       700         36          0          8          0        740   mc_p.l
       306          0          0          0          0        344   mf_p.l

    ----------------------------------------------------------------------
      1010         36          0          8          0       1084   Library Totals

    ----------------------------------------------------------------------

==============================================================================


      Code (inc. data)   RO Data    RW Data    ZI Data      Debug   

     18440       1340        328        320       7544     297677   Grand Totals
     18440       1340        328         68       7544     297677   ELF Image Totals (compressed)
     18440       1340        328         68          0          0   ROM Totals

==============================================================================

    Total RO  Size (Code + RO Data)                18768 (  18.33kB)
    Total RW  Size (RW Data + ZI Data)              7864 (   7.68kB)
    Total ROM Size (Code + RO Data + RW Data)      18836 (  18.39kB)

==============================================================================

